// Jest Snapshot v1, https://goo.gl/fbAQLP

exports[`<CheckoutPage /> render CheckoutPage 1`] = `
<div>
  <div
    class="Checkout-Page"
  >
    <div
      class="Billing"
    >
      <div
        class="Delivery"
      >
        <h2
          class="Section-Header"
        >
          Test Delivery
        </h2>
        <h3>
          Test Mobile - Free
        </h3>
        <p>
          Test Your phone's your ticket. Locate your tickets in your account - or in your app. When you go mobile, your tickets will not be emailed to you or available for print.
        </p>
      </div>
      <div
        class="Payment"
      >
        <h2
          class="Section-Header"
        >
          Test Payment
        </h2>
        <div
          class="Accepted-Cards"
          data-tid="accepted-cards"
        >
          <div
            aria-label="american-express"
            class="Amex"
            role="img"
          />
          <div
            aria-label="visa"
            class="Visa"
            role="img"
          />
          <div
            aria-label="master-card"
            class="Master-Card"
            role="img"
          />
          <div
            aria-label="discover"
            class="Discover"
            role="img"
          />
          <div
            aria-label="diners-club"
            class="Diners-Club"
            role="img"
          />
        </div>
        <div
          class="Payment-Section"
        >
          <label
            class="Payment-Form-Label"
            for="name-on-card"
          >
            Test Name on Card
          </label>
          <input
            class="nameOnCard"
            type="text"
            value="Test User"
          />
        </div>
        <div
          class="Payment-Section"
        >
          <label
            class="Payment-Form-Label"
            for="card-number"
          >
            Test Card Number
          </label>
          <input
            class="cardNumber"
            type="text"
            value="1234123412341234"
          />
          <div
            class="Payment-Validation-Error"
          >
            Test Card
          </div>
        </div>
        <div
          class="Payment-Section Expiration-Date-And-Security-Code"
        >
          <div
            class="Expiration-Date"
          >
            <label
              class="Payment-Form-Label"
            >
              Test Expiration Date
            </label>
            <input
              class="expirationDate"
              maxlength="8"
              type="month"
              value="01/01/2021"
            />
            <div />
          </div>
          <div
            class="Security-Code"
          >
            <label
              class="Payment-Form-Label"
            >
              Test Security Code
            </label>
            <input
              class="securityCode"
              maxlength="3"
              type="text"
              value="123"
            />
            <div />
          </div>
        </div>
        <div />
      </div>
      <div
        class="Ticket-Insurance"
      >
        <h2
          class="Section-Header"
        >
          Test Ticket Insurance
        </h2>
        <p>
          Test Get reimbursed up to 100% with Event Ticket Insurance for only $28.00 per ticket ($56.00 total). *Offer not available after purchase is finalized.
        </p>
      </div>
    </div>
    <div
      class="Summary"
    >
      <div
        class="Total"
      >
        <h2>
          Total
        </h2>
        <p>
          Event: 
          Test Event
        </p>
        <p>
          Tickets: 
          1
        </p>
        <p>
          Card Number: 
          1234123412341234
        </p>
        <p>
          Security Code: 
          123
        </p>
        <input
          checked=""
          name="termsOfUse"
          type="checkbox"
        />
        <label
          for="termsOfUse"
        >
          I have read and agree to the current 
          <a
            href="#"
          >
            Terms of Use
          </a>
        </label>
        <button
          class="Purchase-Tickets-Button"
        >
          Place Order
        </button>
      </div>
    </div>
  </div>
  <div
    class="Navigation-Container"
  >
    <div>
      <button
        class="Link-Button Checkout-To-Events Left-Link-Button"
      >
        Events
      </button>
    </div>
    <div>
      <button
        class="Link-Button Checkout-To-Home-Page Right-Link-Button"
      >
        Home
      </button>
    </div>
  </div>
</div>
`;
