// Jest Snapshot v1, https://goo.gl/fbAQLP

exports[`<Billing /> render Billing 1`] = `
<div>
  <div>
    <div
      class="Delivery"
    >
      <h2
        class="Section-Header"
      >
        Test Delivery
      </h2>
      <h3>
        Test Mobile - Free
      </h3>
      <p>
        Test Your phone's your ticket. Locate your tickets in your account - or in your app. When you go mobile, your tickets will not be emailed to you or available for print.
      </p>
    </div>
    <div
      class="Payment"
    >
      <h2
        class="Section-Header"
      >
        Test Payment
      </h2>
      <div
        class="Accepted-Cards"
        data-tid="accepted-cards"
      >
        <div
          aria-label="american-express"
          class="Amex"
          role="img"
        />
        <div
          aria-label="visa"
          class="Visa"
          role="img"
        />
        <div
          aria-label="master-card"
          class="Master-Card"
          role="img"
        />
        <div
          aria-label="discover"
          class="Discover"
          role="img"
        />
        <div
          aria-label="diners-club"
          class="Diners-Club"
          role="img"
        />
      </div>
      <div
        class="Payment-Section"
      >
        <label
          class="Payment-Form-Label"
          for="name-on-card"
        >
          Test Name on Card
        </label>
        <input
          type="text"
          value=""
        />
      </div>
      <div
        class="Payment-Section"
      >
        <label
          class="Payment-Form-Label"
          for="card-number"
        >
          Test Card Number
        </label>
        <input
          type="text"
          value=""
        />
        <span
          class="Payment-Validation-Error"
        />
      </div>
      <div
        class="Payment-Section"
      >
        <label
          class="Payment-Form-Label"
        >
          Test Expiration Date
        </label>
        <input
          maxlength="8"
          type="month"
          value=""
        />
        <span />
      </div>
      <div
        class="Payment-Section"
      >
        <label
          class="Payment-Form-Label"
        >
          Test Security Code
        </label>
        <input
          maxlength="3"
          type="text"
          value=""
        />
        <span />
      </div>
      <div />
    </div>
    <div
      class="Ticket-Insurance"
    >
      <h2
        class="Section-Header"
      >
        Test Ticket Insurance
      </h2>
      <p>
        Test Get reimbursed up to 100% with Event Ticket Insurance for only $28.00 per ticket ($56.00 total). *Offer not available after purchase is finalized.
      </p>
    </div>
  </div>
</div>
`;
