// Jest Snapshot v1, https://goo.gl/fbAQLP

exports[`<Events /> render Events 1`] = `
<div>
  <div
    class="Events"
  >
    <h2>
      Events
    </h2>
    <div>
      <label
        for="event-select"
      >
        Choose an event:
      </label>
      <div
        class="Event-Card Event"
      >
        <div
          class="Event-Name"
        >
          Test Event
        </div>
        <div
          class="Event-Date"
        >
          Thursday • 12/31/2020 • 7:00:00 PM
        </div>
        <div
          class="Event-Location"
        >
          Test Location
        </div>
        <div
          class="Event-Price"
        >
          Price: $100.00
        </div>
      </div>
    </div>
  </div>
</div>
`;
