// Jest Snapshot v1, https://goo.gl/fbAQLP

exports[`<Quantity /> render Quantity 1`] = `
<div>
  <div
    class="Quantity"
  >
    <h2>
      Quantity
    </h2>
    <div
      class="Container"
    >
      <button>
        -
      </button>
      <span
        class="Value"
      />
      <button>
        +
      </button>
    </div>
  </div>
</div>
`;
