// Jest Snapshot v1, https://goo.gl/fbAQLP

exports[`<Summary /> render Summary 1`] = `
<div>
  <div>
    <div
      class="Total"
    >
      <h2>
        Total
      </h2>
      <p>
        Event: 
      </p>
      <p>
        Tickets: 
        0
      </p>
      <p>
        Card Number: 
      </p>
      <p>
        Security Code: 
      </p>
      <input
        name="termsOfUse"
        type="checkbox"
      />
      <label
        for="termsOfUse"
      >
        I have read and agree to the current 
        <a
          href="#"
        >
          Terms of Use
        </a>
      </label>
      <button
        class="Purchase-Tickets-Button"
        disabled=""
      >
        Place Order
      </button>
    </div>
  </div>
</div>
`;
